[2026-09-09T23:04:41+00:00] START binary TRF WITH REPAIR date=2025-07-08 steps=10000 runs=4 hardware={'cuda:0': 'NVIDIA GeForce RTX 5090', 'cuda:1': 'NVIDIA GeForce RTX 5090', 'cuda:2': 'NVIDIA GeForce RTX 5090', 'cuda:3': 'NVIDIA GeForce RTX 5090', 'cuda:4': 'NVIDIA GeForce RTX 5090', 'cuda:5': 'NVIDIA GeForce RTX 5090', 'cuda:6': 'NVIDIA GeForce RTX 5090', 'cuda:7': 'NVIDIA GeForce RTX 5090'}
/workspace/group1-trf-bound-20260910/src/download_unit/data_assembly.py:28: PerformanceWarning: DataFrame is highly fragmented.  This is usually the result of calling `frame.insert` many times, which has poor performance.  Consider joining all columns at once using pd.concat(axis=1) instead. To get a de-fragmented frame, use `newframe = frame.copy()`
  .reindex(columns=command.instruments).reset_index())
[2026-09-09T23:04:55+00:00] HEARTBEAT elapsed=15.0s generated=0/105 solved=0/105 repairs=0 active={}
[2026-09-09T23:04:56+00:00] QUBO_BOUND {"scenario": 1, "variables": 165552, "groups": 8590, "edges": 16398962, "lambda_floor": 1.0, "nonpenalty_row_bound": 18224873.433005627, "lambda_oneHot": 18407122.16733569, "lambdaCompat": 0.1, "max_abs_objective_linear": 1.098547183265338, "max_abs_cross_coefficient": 4103.714950582626, "float32_penalty_ulp": 2.0, "encoding_seconds": 1.5063625960610807}
[2026-09-09T23:05:01+00:00] QUBO_BOUND {"scenario": 2, "variables": 163078, "groups": 8590, "edges": 16136187, "lambda_floor": 1.0, "nonpenalty_row_bound": 11051352.14312824, "lambda_oneHot": 11161865.664559525, "lambdaCompat": 0.1, "max_abs_objective_linear": 1.2616556569840889, "max_abs_cross_coefficient": 4105.692239378709, "float32_penalty_ulp": 1.0, "encoding_seconds": 1.4963363758288324}
[2026-09-09T23:05:06+00:00] QUBO_BOUND {"scenario": 3, "variables": 163102, "groups": 8590, "edges": 16177099, "lambda_floor": 1.0, "nonpenalty_row_bound": 11321447.611952998, "lambda_oneHot": 11434662.088072529, "lambdaCompat": 0.1, "max_abs_objective_linear": 1.4489794045727238, "max_abs_cross_coefficient": 4106.400172120084, "float32_penalty_ulp": 1.0, "encoding_seconds": 1.5454277591779828}
[2026-09-09T23:05:10+00:00] HEARTBEAT elapsed=30.4s generated=3/105 solved=0/105 repairs=0 active={}
[2026-09-09T23:05:12+00:00] QUBO_BOUND {"scenario": 4, "variables": 165750, "groups": 8590, "edges": 16460456, "lambda_floor": 1.0, "nonpenalty_row_bound": 19542425.050673895, "lambda_oneHot": 19737849.30118064, "lambdaCompat": 0.1, "max_abs_objective_linear": 1.6641134537770426, "max_abs_cross_coefficient": 4104.809850319229, "float32_penalty_ulp": 2.0, "encoding_seconds": 1.507464115973562}
[2026-09-09T23:05:17+00:00] QUBO_BOUND {"scenario": 5, "variables": 165736, "groups": 8590, "edges": 16449615, "lambda_floor": 1.0, "nonpenalty_row_bound": 19642734.1380455, "lambda_oneHot": 19839161.47942596, "lambdaCompat": 0.1, "max_abs_objective_linear": 1.9111865543466604, "max_abs_cross_coefficient": 4329.290144593124, "float32_penalty_ulp": 2.0, "encoding_seconds": 1.4915408240631223}
[2026-09-09T23:05:22+00:00] QUBO_BOUND {"scenario": 6, "variables": 165552, "groups": 8590, "edges": 16400161, "lambda_floor": 1.0, "nonpenalty_row_bound": 18224873.433004968, "lambda_oneHot": 18407122.167335022, "lambdaCompat": 0.1, "max_abs_objective_linear": 0.9688827126517306, "max_abs_cross_coefficient": 4103.714950582626, "float32_penalty_ulp": 2.0, "encoding_seconds": 1.338594209868461}
[2026-09-09T23:05:25+00:00] HEARTBEAT elapsed=45.4s generated=6/105 solved=0/105 repairs=0 active={}
[2026-09-09T23:05:27+00:00] QUBO_BOUND {"scenario": 7, "variables": 163078, "groups": 8590, "edges": 16136319, "lambda_floor": 1.0, "nonpenalty_row_bound": 11051352.143127637, "lambda_oneHot": 11161865.664558915, "lambdaCompat": 0.1, "max_abs_objective_linear": 1.1127410481310906, "max_abs_cross_coefficient": 4105.692239378709, "float32_penalty_ulp": 1.0, "encoding_seconds": 1.3337420839816332}
[2026-09-09T23:05:31+00:00] QUBO_BOUND {"scenario": 8, "variables": 163102, "groups": 8590, "edges": 16177234, "lambda_floor": 1.0, "nonpenalty_row_bound": 11321447.611952396, "lambda_oneHot": 11434662.088071922, "lambdaCompat": 0.1, "max_abs_objective_linear": 1.2779567595497603, "max_abs_cross_coefficient": 4106.400172120087, "float32_penalty_ulp": 1.0, "encoding_seconds": 1.2528458377346396}
[2026-09-09T23:05:31+00:00] SOLVE_START device=cuda:0 variables=[165552]
[2026-09-09T23:05:31+00:00] SOLVE_START device=cuda:1 variables=[163078]
[2026-09-09T23:05:31+00:00] SOLVE_START device=cuda:2 variables=[163102]
[2026-09-09T23:05:31+00:00] SOLVE_START device=cuda:3 variables=[165750]
[2026-09-09T23:05:31+00:00] SOLVE_START device=cuda:4 variables=[165736]
[2026-09-09T23:05:31+00:00] SOLVE_START device=cuda:5 variables=[165552]
[2026-09-09T23:05:31+00:00] SOLVE_START device=cuda:6 variables=[163078]
[2026-09-09T23:05:31+00:00] SOLVE_START device=cuda:7 variables=[163102]
[2026-09-09T23:05:40+00:00] QUBO_BOUND {"scenario": 9, "variables": 165750, "groups": 8590, "edges": 16457789, "lambda_floor": 1.0, "nonpenalty_row_bound": 19542425.05067329, "lambda_oneHot": 19737849.301180027, "lambdaCompat": 0.1, "max_abs_objective_linear": 1.467700587800114, "max_abs_cross_coefficient": 4104.809850319229, "float32_penalty_ulp": 2.0, "encoding_seconds": 1.738313346169889}
/workspace/group1-trf-bound-20260910/src/margin_calculator/optimization/optimization_solver/bqm_solver/torch_execution.py:255: UserWarning: Sparse invariant checks are implicitly disabled. Memory errors (e.g. SEGFAULT) will occur when operating on a sparse tensor which violates the invariants, but checks incur performance overhead. To silence this warning, explicitly opt in or out. See `torch.sparse.check_sparse_tensor_invariants.__doc__` for guidance.  (Triggered internally at /pytorch/aten/src/ATen/Context.cpp:760.)
  matrix = torch.sparse_csr_tensor(
[2026-09-09T23:05:40+00:00] HEARTBEAT elapsed=60.4s generated=9/105 solved=0/105 repairs=0 active={'cuda:0': {'phase': 'preparation/integration', 'problems': 1}, 'cuda:1': {'phase': 'preparation/integration', 'problems': 1}, 'cuda:2': {'phase': 'preparation/integration', 'problems': 1}, 'cuda:3': {'phase': 'preparation/integration', 'problems': 1}, 'cuda:4': {'phase': 'preparation/integration', 'problems': 1}, 'cuda:5': {'phase': 'preparation/integration', 'problems': 1}, 'cuda:6': {'phase': 'preparation/integration', 'problems': 1}, 'cuda:7': {'phase': 'preparation/integration', 'problems': 1}}
[2026-09-09T23:05:42+00:00] CANDIDATES_START device=cuda:6 count=36
[2026-09-09T23:05:45+00:00] REPAIR_START device=cuda:6 total_calls=1
[2026-09-09T23:05:45+00:00] QUBO_BOUND {"scenario": 10, "variables": 165736, "groups": 8590, "edges": 16449765, "lambda_floor": 1.0, "nonpenalty_row_bound": 19642734.1380449, "lambda_oneHot": 19839161.479425356, "lambdaCompat": 0.1, "max_abs_objective_linear": 1.6856140056582085, "max_abs_cross_coefficient": 4329.290144593123, "float32_penalty_ulp": 2.0, "encoding_seconds": 1.2909803371876478}
[2026-09-09T23:05:46+00:00] CANDIDATES_START device=cuda:5 count=39
[2026-09-09T23:05:47+00:00] CANDIDATES_START device=cuda:7 count=37
[2026-09-09T23:05:48+00:00] CANDIDATES_START device=cuda:0 count=34
[2026-09-09T23:05:48+00:00] REPAIR_START device=cuda:5 total_calls=2
[2026-09-09T23:05:49+00:00] REPAIR_START device=cuda:7 total_calls=3
[2026-09-09T23:05:49+00:00] CANDIDATES_START device=cuda:2 count=38
[2026-09-09T23:05:49+00:00] REPAIR_START device=cuda:0 total_calls=4
[2026-09-09T23:05:51+00:00] REPAIR_START device=cuda:2 total_calls=5
[2026-09-09T23:05:53+00:00] CANDIDATES_START device=cuda:1 count=37
[2026-09-09T23:05:53+00:00] QUBO_BOUND {"scenario": 11, "variables": 165584, "groups": 8590, "edges": 16420932, "lambda_floor": 1.0, "nonpenalty_row_bound": 17857017.49410903, "lambda_oneHot": 18035587.669050124, "lambdaCompat": 0.1, "max_abs_objective_linear": 0.8545213034128094, "max_abs_cross_coefficient": 4102.959014869979, "float32_penalty_ulp": 2.0, "encoding_seconds": 2.721831406932324}
[2026-09-09T23:05:54+00:00] CANDIDATES_START device=cuda:3 count=36
[2026-09-09T23:05:55+00:00] REPAIR_START device=cuda:1 total_calls=6
[2026-09-09T23:05:55+00:00] CANDIDATES_START device=cuda:4 count=35
[2026-09-09T23:05:55+00:00] HEARTBEAT elapsed=75.4s generated=11/105 solved=0/105 repairs=6 active={'cuda:0': {'phase': 'CPU repair #4', 'problems': 1}, 'cuda:1': {'phase': 'CPU repair #6', 'problems': 1}, 'cuda:2': {'phase': 'CPU repair #5', 'problems': 1}, 'cuda:3': {'phase': 'candidate scoring/repair', 'problems': 1}, 'cuda:4': {'phase': 'candidate scoring/repair', 'problems': 1}, 'cuda:5': {'phase': 'CPU repair #2', 'problems': 1}, 'cuda:6': {'phase': 'CPU repair #1', 'problems': 1}, 'cuda:7': {'phase': 'CPU repair #3', 'problems': 1}}
[2026-09-09T23:05:55+00:00] REPAIR_START device=cuda:3 total_calls=7
[2026-09-09T23:05:56+00:00] REPAIR_START device=cuda:4 total_calls=8
[2026-09-09T23:06:05+00:00] QUBO_BOUND {"scenario": 12, "variables": 163078, "groups": 8590, "edges": 16142293, "lambda_floor": 1.0, "nonpenalty_row_bound": 11051352.143127033, "lambda_oneHot": 11161865.664558306, "lambdaCompat": 0.1, "max_abs_objective_linear": 0.9814014109575406, "max_abs_cross_coefficient": 4105.692239378711, "float32_penalty_ulp": 1.0, "encoding_seconds": 1.3250894667580724}
