/tmp/margin_remote/src/download_unit/data_assembly.py:28: PerformanceWarning: DataFrame is highly fragmented.  This is usually the result of calling `frame.insert` many times, which has poor performance.  Consider joining all columns at once using pd.concat(axis=1) instead. To get a de-fragmented frame, use `newframe = frame.copy()`
  .reindex(columns=command.instruments).reset_index())
[default] Processing date 1/25: 2025-07-09
[default] Processing date 2/25: 2025-07-10
[default] Processing date 3/25: 2025-07-11
[default] Processing date 4/25: 2025-07-14
[default] Processing date 5/25: 2025-07-15
[default] Processing date 6/25: 2025-07-16
[default] Processing date 7/25: 2025-07-17
[default] Processing date 8/25: 2025-07-18
[default] Processing date 9/25: 2025-07-21
[default] Processing date 10/25: 2025-07-22
[default] Processing date 11/25: 2025-07-23
[default] Processing date 12/25: 2025-07-24
[default] Processing date 13/25: 2025-07-25
[default] Processing date 14/25: 2025-07-28
[default] Processing date 15/25: 2025-07-29
[default] Processing date 16/25: 2025-07-30
[default] Processing date 17/25: 2025-07-31
[default] Processing date 18/25: 2025-08-01
[default] Processing date 19/25: 2025-08-04
[default] Processing date 20/25: 2025-08-05
[default] Processing date 21/25: 2025-08-06
[default] Processing date 22/25: 2025-08-07
[default] Processing date 23/25: 2025-08-08
[default] Processing date 24/25: 2025-08-11
[default] Processing date 25/25: 2025-08-12
default:
  breaches: /tmp/margin_remote/group1_row126/results/greedy_25days/default/breaches.csv
  performance: /tmp/margin_remote/group1_row126/results/greedy_25days/default/performance_metrics.csv
[default] Processing date 1/25: 2025-07-09
/tmp/margin_remote/src/margin_calculator/optimization/optimization_solver/bqm_solver/torch_categorical_bqm_solver.py:124: UserWarning: Sparse invariant checks are implicitly disabled. Memory errors (e.g. SEGFAULT) will occur when operating on a sparse tensor which violates the invariants, but checks incur performance overhead. To silence this warning, explicitly opt in or out. See `torch.sparse.check_sparse_tensor_invariants.__doc__` for guidance.  (Triggered internally at /pytorch/aten/src/ATen/Context.cpp:760.)
  matrix = torch.sparse_csr_tensor(torch.tensor(model.adjacency.indptr, device=device),
/tmp/margin_remote/src/margin_calculator/optimization/optimization_solver/bqm_solver/torch_categorical_bqm_solver.py:124: UserWarning: Sparse CSR tensor support is in beta state. If you miss a functionality in the sparse tensor support, please submit a feature request to https://github.com/pytorch/pytorch/issues. (Triggered internally at /pytorch/aten/src/ATen/SparseCsrTensorImpl.cpp:49.)
  matrix = torch.sparse_csr_tensor(torch.tensor(model.adjacency.indptr, device=device),
[default] Processing date 2/25: 2025-07-10
[default] Processing date 3/25: 2025-07-11
[default] Processing date 4/25: 2025-07-14
[default] Processing date 5/25: 2025-07-15
[default] Processing date 6/25: 2025-07-16
[default] Processing date 7/25: 2025-07-17
[default] Processing date 8/25: 2025-07-18
[default] Processing date 9/25: 2025-07-21
[default] Processing date 10/25: 2025-07-22
